
Files included:
b3ac2b8b9998bf504ef708ec837a4cce  tests/fixtures/md5/files/one.bin
8d62064673ecb2a440b8802a2f752e8a  tests/fixtures/md5/files/outs/four.bin
009c79f013fe8d4d97c95bf5ceea68ed  tests/fixtures/md5/files/two.bin

Combined MD5 checksum:
4ebd9426b21a5d700d7689d58d3f14de

