
Files included:
74a08ee2de381ec8e19da52ad36bb5ae  tests/fixtures/md5/files/outs/three.bin

Combined MD5 checksum:
71bbfc3abaacdd605591edb0e2b63dc3

