
Files included:
b3ac2b8b9998bf504ef708ec837a4cce  tests/fixtures/md5/files/one.bin

Combined MD5 checksum:
a6bf00e62855136f3d2b2ffe663d0691

