
Files included:
b3ac2b8b9998bf504ef708ec837a4cce  tests/fixtures/md5/files/one.bin
009c79f013fe8d4d97c95bf5ceea68ed  tests/fixtures/md5/files/two.bin

Combined MD5 checksum:
c6f882353ed4c63582276bdd49974a86

