
Files included:
8d62064673ecb2a440b8802a2f752e8a  tests/fixtures/md5/files/outs/four.bin
74a08ee2de381ec8e19da52ad36bb5ae  tests/fixtures/md5/files/outs/three.bin

Combined MD5 checksum:
feaaf18494b99f6570ab6e4730f9e4af

